INT (int)
WAIN (wain)
LPAREN (()
INT (int)
ID (a)
COMMA (,)
INT (int)
ID (b)
RPAREN ())
LBRACE ({)
INT (int)
STAR (*)
ID (addr_a)
BECOMES (=)
NULL (NULL)
SEMI (;)
ID (addr_a)
BECOMES (=)
AMP (&)
ID (a)
SEMI (;)
ID (b)
BECOMES (=)
NUM (0)
SEMI (;)
ID (a)
BECOMES (=)
NUM (69)
SEMI (;)
ID (b)
BECOMES (=)
ID (b)
PLUS (+)
ID (a)
SEMI (;)
STAR (*)
ID (addr_a)
BECOMES (=)
NUM (420)
SEMI (;)
ID (b)
BECOMES (=)
ID (b)
PLUS (+)
ID (a)
SEMI (;)
RETURN (return)
ID (b)
SEMI (;)
RBRACE (})
