procedures main
main INT WAIN LPAREN dcl COMMA dcl RPAREN LBRACE dcls statements RETURN expr SEMI RBRACE
INT int
WAIN wain
LPAREN (
dcl type ID
type INT
INT int
ID a
COMMA ,
dcl type ID
type INT
INT int
ID b
RPAREN )
LBRACE {
dcls dcls dcl BECOMES NULL SEMI
dcls .EMPTY
dcl type ID
type INT STAR
INT int
STAR *
ID c
BECOMES =
NULL NULL
SEMI ;
statements statements statement
statements statements statement
statements statements statement
statements statements statement
statements .EMPTY
statement lvalue BECOMES expr SEMI
lvalue ID
ID c
BECOMES =
expr term
term factor
factor AMP lvalue
AMP &
lvalue ID
ID a
SEMI ;
statement lvalue BECOMES expr SEMI
lvalue ID
ID a
BECOMES =
expr term
term factor
factor NUM
NUM 69
SEMI ;
statement lvalue BECOMES expr SEMI
lvalue ID
ID b
BECOMES =
expr term
term factor
factor STAR factor
STAR *
factor ID
ID c
SEMI ;
statement lvalue BECOMES expr SEMI
lvalue ID
ID a
BECOMES =
expr term
term factor
factor NUM
NUM 70
SEMI ;
RETURN return
expr expr PLUS term
expr term
term factor
factor ID
ID a
PLUS +
term factor
factor ID
ID b
SEMI ;
RBRACE }
