int wain(int a, int b) {
  if (a < b) {
    println(a);
  }
  if (a < b) {
    println(b);
  }
  return a;
}

