Function: wain
  Block: wainEntry
  - Immediate dominator: (none)
  - Dominance frontier: {}
  Block: ifTrue0
  - Immediate dominator: wainEntry
  - Dominance frontier: {ifFalse0}
  Block: ifFalse0
  - Immediate dominator: wainEntry
  - Dominance frontier: {}
  Block: ifTrue1
  - Immediate dominator: ifFalse0
  - Dominance frontier: {ifFalse1}
  Block: ifFalse1
  - Immediate dominator: ifFalse0
  - Dominance frontier: {}
