int wain(int a, int b) {
  int c = 3;
  if (a < c) {
    a = (a + 1);
  }
  return a;
}

