INT (int)
WAIN (wain)
LPAREN (()
INT (int)
ID (a)
COMMA (,)
INT (int)
ID (b)
RPAREN ())
LBRACE ({)
INT (int)
ID (c)
BECOMES (=)
NUM (3)
SEMI (;)
IF (if)
LPAREN (()
ID (a)
LT (<)
ID (c)
RPAREN ())
LBRACE ({)
ID (a)
BECOMES (=)
ID (a)
PLUS (+)
NUM (1)
SEMI (;)
RBRACE (})
RETURN (return)
ID (a)
SEMI (;)
RBRACE (})
