procedures main
main INT WAIN LPAREN dcl COMMA dcl RPAREN LBRACE dcls statements RETURN expr SEMI RBRACE
INT int
WAIN wain
LPAREN (
dcl type ID
type INT
INT int
ID a
COMMA ,
dcl type ID
type INT
INT int
ID b
RPAREN )
LBRACE {
dcls .EMPTY
statements statements statement
statements .EMPTY
statement IF LPAREN expr RPAREN LBRACE statements RBRACE
IF if
LPAREN (
expr boolor
boolor booland
booland eqtest
eqtest eqtest EQ test
eqtest test
test sum
sum term
term factor
factor NUM
NUM 1
EQ ==
test sum
sum term
term factor
factor NUM
NUM 0
RPAREN )
LBRACE {
statements statements statement
statements .EMPTY
statement expr SEMI
expr lvalue BECOMES expr
lvalue ID
ID a
BECOMES =
expr boolor
boolor booland
booland eqtest
eqtest test
test sum
sum term
term term SLASH factor
term factor
factor NUM
NUM 1
SLASH /
factor NUM
NUM 0
SEMI ;
RBRACE }
RETURN return
expr boolor
boolor booland
booland eqtest
eqtest test
test sum
sum term
term factor
factor ID
ID a
SEMI ;
RBRACE }
