                                ; // Simplified C code:
                                ; int wain(int a, int b) {
                                ;   int c = 0;
                                ;   b = 2;
                                ;   c = (a + b);
                                ;   a = 100;
                                ;   b = 100;
                                ;   return ((a + b) + c);
                                ; }
                                ; 
lis $4
.word 4
slt $11, $0, $4                 ; $11 = ($0 < $4) = 1
beq $0, $0, wain                ; Done prologue, jumping to wain
                                ; 
                                ; Generating code for wain
wain:
sw $1, -4($30)                  ;   push $1
sub $30, $30, $4                ;   ^
sw $2, -4($30)                  ;   push $2
sub $30, $30, $4                ;   ^
sub $29, $30, $4
sw $0, -4($30)                  ;   push $0
sub $30, $30, $4                ; Declaration c
                                ; Code for statements:
                                ; b = 2;

add $3, $11, $11                ; Loading the literal 2
sw $3, 4($29)
                                ; c = (a + b);

lw $3, 8($29)                   ; Loading a
sw $3, -4($30)                  ;   push $3
sub $30, $30, $4                ;   ^
lw $3, 4($29)                   ; Loading b
add $30, $30, $4                ;   pop $5
lw $5, -4($30)                  ;   ^
add $3, $5, $3
sw $3, 0($29)
                                ; a = 100;

lis $3
.word 100                       ; Loading the literal 100
sw $3, 8($29)
                                ; b = 100;

lis $3
.word 100                       ; Loading the literal 100
sw $3, 4($29)
                                ; Code for return value:
lw $3, 8($29)                   ; Loading a
sw $3, -4($30)                  ;   push $3
sub $30, $30, $4                ;   ^
lw $3, 4($29)                   ; Loading b
add $30, $30, $4                ;   pop $5
lw $5, -4($30)                  ;   ^
add $3, $5, $3
sw $3, -4($30)                  ;   push $3
sub $30, $30, $4                ;   ^
lw $3, 0($29)                   ; Loading c
add $30, $30, $4                ;   pop $5
lw $5, -4($30)                  ;   ^
add $3, $5, $3
jr $31                          ; Done generating code for wain
                                ; Number of assembly instructions: 41
