INT (int)
WAIN (wain)
LPAREN (()
INT (int)
ID (a)
COMMA (,)
INT (int)
ID (b)
RPAREN ())
LBRACE ({)
INT (int)
ID (c)
BECOMES (=)
NUM (0)
SEMI (;)
ID (b)
BECOMES (=)
NUM (2)
SEMI (;)
ID (c)
BECOMES (=)
ID (a)
PLUS (+)
ID (b)
SEMI (;)
ID (a)
BECOMES (=)
NUM (100)
SEMI (;)
ID (b)
BECOMES (=)
NUM (50)
PLUS (+)
NUM (50)
SEMI (;)
RETURN (return)
ID (a)
PLUS (+)
ID (b)
PLUS (+)
ID (c)
SEMI (;)
RBRACE (})
