procedures main
main INT WAIN LPAREN dcl COMMA dcl RPAREN LBRACE dcls statements RETURN expr SEMI RBRACE
INT int
WAIN wain
LPAREN (
dcl type ID
type INT STAR
INT int
STAR *
ID ptr
COMMA ,
dcl type ID
type INT
INT int
ID value
RPAREN )
LBRACE {
dcls .EMPTY
statements statements statement
statements statements statement
statements .EMPTY
statement expr SEMI
expr lvalue BECOMES expr
lvalue STAR factor
STAR *
factor ID
ID ptr
BECOMES =
expr boolor
boolor booland
booland eqtest
eqtest test
test sum
sum sum PLUS term
sum term
term factor
factor STAR factor
STAR *
factor LPAREN expr RPAREN
LPAREN (
expr boolor
boolor booland
booland eqtest
eqtest test
test sum
sum term
term factor
factor AMP lvalue
AMP &
lvalue ID
ID value
RPAREN )
PLUS +
term factor
factor NUM
NUM 1
SEMI ;
statement expr SEMI
expr lvalue BECOMES expr
lvalue STAR factor
STAR *
factor LPAREN expr RPAREN
LPAREN (
expr boolor
boolor booland
booland eqtest
eqtest test
test sum
sum term
term factor
factor AMP lvalue
AMP &
lvalue ID
ID value
RPAREN )
BECOMES =
expr boolor
boolor booland
booland eqtest
eqtest test
test sum
sum term
term factor
factor NUM
NUM 2
SEMI ;
RETURN return
expr boolor
boolor booland
booland eqtest
eqtest test
test sum
sum term
term factor
factor ID
ID value
SEMI ;
RBRACE }
