Function: wain
  Block: wainEntry
  - Immediate dominator: (none)
  - Dominance frontier: {}
