int wain(int a, int b) {
  int meow = 241;
  int* list = NULL;
  int var = 142;
  int* ptr = NULL;
  int* null = NULL;
  var = (var + var);
  return meow;
}

