procedures main
main INT WAIN LPAREN dcl COMMA dcl RPAREN LBRACE dcls statements RETURN expr SEMI RBRACE
INT int
WAIN wain
LPAREN (
dcl type ID
type INT
INT int
ID a
COMMA ,
dcl type ID
type INT
INT int
ID b
RPAREN )
LBRACE {
dcls .EMPTY
statements statements statement
statements statements statement
statements statements statement
statements statements statement
statements .EMPTY
statement lvalue BECOMES expr SEMI
lvalue ID
ID a
BECOMES =
expr term
term factor
factor NUM
NUM 3
SEMI ;
statement PRINTLN LPAREN expr RPAREN SEMI
PRINTLN println
LPAREN (
expr term
term factor
factor ID
ID a
RPAREN )
SEMI ;
statement lvalue BECOMES expr SEMI
lvalue ID
ID a
BECOMES =
expr term
term factor
factor NUM
NUM 4
SEMI ;
statement lvalue BECOMES expr SEMI
lvalue ID
ID a
BECOMES =
expr term
term factor
factor NUM
NUM 5
SEMI ;
RETURN return
expr term
term factor
factor ID
ID a
SEMI ;
RBRACE }
