Procedure {
  name: wain
  return_type: int
  parameters: 
    a: int (used)
    b: int (used)
  declarations: 
    c: int = 0 (used)
  statements: 
    IfStatement {
      condition: 
        BinaryExpr {
          lhs: 
            VariableExpr(a) : int
          operation: Equal
          rhs: 
            VariableExpr(b) : int
        } : int
      true_statement: 
        ExprStatement {
          AssignmentExpr {
            lhs: 
              VariableLValueExpr(c) : int
            rhs: 
              0: int
          } : int
        }
      false_statement: 
    }
  return_expr: 
    VariableExpr(c) : int
}

