Procedure {
  name: wain
  return_type: int
  parameters: 
    a: int (used)
    b: int (used)
  declarations: 
  statements: 
    WhileStatement {
      condition: 
        TestExpr {
          lhs: 
            VariableExpr(a) : int
          operation: LessThan
          rhs: 
            VariableExpr(b) : int
        }
      body: 
        ExprStatement {
          AssignmentExpr {
            lhs: 
              VariableLValueExpr(a) : int
            rhs: 
              BinaryExpr {
                lhs: 
                  VariableExpr(a) : int
                operation: Add
                rhs: 
                  1: int
              } : int
          } : int
        }
    }
  return_expr: 
    VariableExpr(a) : int
}

