INT (int)
WAIN (wain)
LPAREN (()
INT (int)
ID (a)
COMMA (,)
INT (int)
ID (b)
RPAREN ())
LBRACE ({)
RETURN (return)
NUM (3)
STAR (*)
NUM (80)
PLUS (+)
NUM (1)
PLUS (+)
ID (a)
SEMI (;)
RBRACE (})
