int wain(int a, int b) {
  return (((3 * 80) + 1) + a);
}

