5
7
11
13
17
19
23
29
31
37
40
20
10
5
16
8
4
2
wain returned 0
