@wain(a: int, b: int) : int {
  _t0: int = const 3;
  _t1: int = const 80;
  _t2: int = mul _t0 _t1;
  _t3: int = const 1;
  _t4: int = add _t2 _t3;
  print _t4;
  _t5: int = const 0;
  _t6: int = id a;
  _t7: int = sub _t5 _t6;
  _t8: int = id b;
  _t9: int = add _t7 _t8;
  print _t9;
  _t10: int = id a;
  _t11: int = const 1;
  _t12: int = add _t10 _t11;
  _t13: int = id b;
  _t14: int = add _t12 _t13;
  _t15: int = const 1;
  _t16: int = add _t14 _t15;
  print _t16;
  _t17: int = id a;
  _t18: int = id a;
  _t19: int = sub _t17 _t18;
  _t20: int = const 1;
  _t21: int = add _t19 _t20;
  ret _t21;
}

