@wain(a: int, b: int) : int {
  c: int = const 0;
  _t0: int = const 2;
  b: int = id _t0;
  _t1: int = id b;
  _t2: int = id a;
  _t3: int = id b;
  _t4: int = add _t2 _t3;
  c: int = id _t4;
  _t5: int = id c;
  _t6: int = const 100;
  a: int = id _t6;
  _t7: int = id a;
  _t8: int = const 50;
  _t9: int = const 50;
  _t10: int = add _t8 _t9;
  b: int = id _t10;
  _t11: int = id b;
  _t12: int = id a;
  _t13: int = id b;
  _t14: int = add _t12 _t13;
  _t15: int = id c;
  _t16: int = add _t14 _t15;
  ret _t16;
}

